test_division_cadenas_invalidas (test_operaciones.TestCalculadora)
Prueba que la división lance error con cadenas inválidas. ... ok
test_division_numeros_positivos (test_operaciones.TestCalculadora)
Prueba la división con números positivos. ... ok
test_division_por_cero (test_operaciones.TestCalculadora)
Prueba que la división por cero lance error. ... ok
test_evaluar_expresion_caracteres_invalidos (test_operaciones.TestCalculadora)
Prueba que la evaluación lance error con caracteres inválidos. ... ok
test_evaluar_expresion_palabras_prohibidas (test_operaciones.TestCalculadora)
Prueba que la evaluación lance error con palabras prohibidas. ... ok
test_evaluar_expresion_sintaxis_invalida (test_operaciones.TestCalculadora)
Prueba que la evaluación lance error con sintaxis inválida. ... ok
test_evaluar_expresion_valida (test_operaciones.TestCalculadora)
Prueba la evaluación de expresiones válidas. ... ok
test_multiplicacion_cadenas_invalidas (test_operaciones.TestCalculadora)
Prueba que la multiplicación lance error con cadenas inválidas. ... ok
test_multiplicacion_numeros_positivos (test_operaciones.TestCalculadora)
Prueba la multiplicación con números positivos. ... ok
test_multiplicacion_por_cero (test_operaciones.TestCalculadora)
Prueba la multiplicación por cero. ... ok
test_porcentaje_cadenas_invalidas (test_operaciones.TestCalculadora)
Prueba que el porcentaje lance error con cadenas inválidas. ... ok
test_porcentaje_divisor_cero (test_operaciones.TestCalculadora)
Prueba que el porcentaje con divisor cero lance error. ... ok
test_porcentaje_numeros_positivos (test_operaciones.TestCalculadora)
Prueba el cálculo de porcentaje con números positivos. ... ok
test_potencia_cadenas_invalidas (test_operaciones.TestCalculadora)
Prueba que la potencia lance error con cadenas inválidas. ... ok
test_potencia_exponente_cero (test_operaciones.TestCalculadora)
Prueba la potencia con exponente cero. ... ok
test_potencia_numeros_positivos (test_operaciones.TestCalculadora)
Prueba la potencia con números positivos. ... ok
test_raiz_cuadrada_cadena_invalida (test_operaciones.TestCalculadora)
Prueba que la raíz cuadrada lance error con cadena inválida. ... ok
test_raiz_cuadrada_numero_negativo (test_operaciones.TestCalculadora)
Prueba que la raíz cuadrada de número negativo lance error. ... ok
test_raiz_cuadrada_numeros_positivos (test_operaciones.TestCalculadora)
Prueba la raíz cuadrada con números positivos. ... ok
test_resta_cadenas_invalidas (test_operaciones.TestCalculadora)
Prueba que la resta lance error con cadenas inválidas. ... ok
test_resta_numeros_negativos (test_operaciones.TestCalculadora)
Prueba la resta con números negativos. ... ok
test_resta_numeros_positivos (test_operaciones.TestCalculadora)
Prueba la resta con números positivos. ... ok
test_suma_cadenas_invalidas (test_operaciones.TestCalculadora)
Prueba que la suma lance error con cadenas inválidas. ... ok
test_suma_cadenas_validas (test_operaciones.TestCalculadora)
Prueba la suma con cadenas que representan números. ... ok
test_suma_numeros_negativos (test_operaciones.TestCalculadora)
Prueba la suma con números negativos. ... ok
test_suma_numeros_positivos (test_operaciones.TestCalculadora)
Prueba la suma con números positivos. ... ok

----------------------------------------------------------------------
Ran 26 tests in 0.006s

OK
